// Jest Snapshot v1, https://goo.gl/fbAQLP

exports[`should render ExpenseDahsboardPage 1`] = `
<div>
  Dahsboard page content
</div>
`;
